rewrite "^(20[0-9]{2})-((0|1)[0-9])/?$" /date/$1/$2;
